// 重构日志: daa75104
// 同步 ID: 0ff9649f @ Tue Jul 14 18:30:45 UTC 2026
// 重构日志: 80123a98
// 重构日志: eed46bfd
// 同步 ID: 7195f712 @ Wed Jul 15 12:37:10 UTC 2026
// 重构日志: 1a0f1ead
// 重构日志: 0e383092
// 重构日志: 7c0c6396
// 重构日志: ed471841
// 重构日志: ef8b32cc
// 重构日志: e14d8ad6
// 重构日志: eb9bbbea
// 同步 ID: a842a003 @ Sat Jul 18 06:25:07 UTC 2026
// 同步 ID: 47df5a84 @ Sun Jul 19 04:30:51 UTC 2026
// 同步 ID: e0a9f3bb @ Sun Jul 19 07:06:31 UTC 2026
// 重构日志: 5757c2cf
// 同步 ID: edb7ec1d @ Mon Jul 20 07:27:59 UTC 2026
// 重构日志: 4190376a
// 同步 ID: e278cffa @ Tue Jul 21 09:56:30 UTC 2026
// 同步 ID: f811b14d @ Tue Jul 21 14:34:03 UTC 2026
// 重构日志: 851fa1fb
// 重构日志: e7858383
// 重构日志: 63c0181e
// 重构日志: 1b70335f
// 同步 ID: a9190187 @ Thu Jul 23 17:37:22 UTC 2026
// 同步 ID: 7c6be8eb @ Sat Jul 25 18:05:51 UTC 2026
// 重构日志: fb614b0d
// 重构日志: 844295f5
// 重构日志: b4e8c9eb
// 同步 ID: b0573816 @ Sun Jul 26 19:06:52 UTC 2026
// 重构日志: a3942a8b
